---
source: iter_language/tests/conformance.rs
description: agent-router.iter
---
Root {
    args: [],
    queue: Some(
        Spanned {
            node: Memory,
            span: 0..12,
        },
    ),
    workspace: Some(
        Spanned {
            node: Local {
                base: ".",
            },
            span: 14..46,
        },
    ),
    agent: Some(
        Spanned {
            node: Router {
                agents: [
                    (
                        "primary",
                        Claude {
                            mode: Print,
                            command: "claude",
                            args: [],
                            session_id_file: None,
                            env: {},
                        },
                    ),
                    (
                        "secondary",
                        Codex {
                            mode: Print,
                            command: "codex",
                            args: [],
                            env: {},
                        },
                    ),
                ],
                strategy: Fallback,
            },
            span: 48..248,
        },
    ),
    runner: Some(
        Spanned {
            node: RunnerDecl {
                continue_on_error: false,
                behavior: Wait,
                iteration_timeout_secs: None,
            },
            span: 250..306,
        },
    ),
    prompts: [
        Spanned {
            node: PromptDecl {
                guard: None,
                body: "Router fallback test.",
            },
            span: 308..338,
        },
    ],
    events: [],
}
