---
source: iter_language/tests/conformance.rs
description: agent-router.iter
---
Iterfile {
    args: [],
    queues: [
        Spanned {
            node: NamedDef {
                name: "memory",
                decl: Memory,
            },
            span: 0..12,
        },
    ],
    workspaces: [
        Spanned {
            node: NamedDef {
                name: "local",
                decl: Local {
                    base: ".",
                    source: None,
                },
            },
            span: 14..46,
        },
    ],
    sources: [],
    agents: [
        Spanned {
            node: NamedDef {
                name: "router",
                decl: Router {
                    agents: [
                        (
                            "primary",
                            Claude {
                                mode: Headless,
                                command: "claude",
                                args: [],
                                session_id_file: None,
                                env: {},
                            },
                        ),
                        (
                            "secondary",
                            Codex {
                                mode: Headless,
                                command: "codex",
                                args: [],
                                env: {},
                            },
                        ),
                    ],
                    strategy: Fallback,
                    fallback_on: Any,
                },
            },
            span: 48..248,
        },
    ],
    prompts: [],
    runners: [
        Spanned {
            node: RunnerDef {
                name: None,
                agent: "router",
                workspace: "local",
                queue: Some(
                    "memory",
                ),
                continue_on_error: false,
                behavior: Wait,
                iteration_timeout_secs: None,
                prompt: Single(
                    Inline(
                        "Router fallback test.",
                    ),
                ),
                events: [],
            },
            span: 250..395,
        },
    ],
}
