---
source: iter_language/tests/conformance.rs
description: agent-generic-env.iter
---
Root {
    args: [],
    queues: [
        Spanned {
            node: NamedDef {
                name: "memory",
                decl: Memory,
            },
            span: 0..12,
        },
    ],
    workspaces: [
        Spanned {
            node: NamedDef {
                name: "local",
                decl: Local {
                    base: ".",
                },
            },
            span: 14..46,
        },
    ],
    agents: [
        Spanned {
            node: NamedDef {
                name: "generic",
                decl: Generic {
                    command: [
                        "python",
                        "./agent.py",
                    ],
                    env: {
                        "API_KEY": "sk-test",
                        "DEBUG": "1",
                    },
                },
            },
            span: 48..156,
        },
    ],
    prompts: [],
    runners: [
        Spanned {
            node: RunnerDecl {
                name: None,
                agent: "generic",
                workspace: "local",
                queue: Some(
                    "memory",
                ),
                continue_on_error: false,
                behavior: Wait,
                iteration_timeout_secs: None,
                prompt: Single(
                    Inline(
                        "Generic env test.",
                    ),
                ),
                events: [],
            },
            span: 158..300,
        },
    ],
}
