---
source: iter_language/tests/conformance.rs
description: agent-fake.iter
---
Iterfile {
    args: [],
    queues: [
        Spanned {
            node: NamedDef {
                name: "memory",
                decl: Memory,
            },
            span: 0..12,
        },
    ],
    workspaces: [
        Spanned {
            node: NamedDef {
                name: "local",
                decl: Local {
                    base: ".",
                    source: None,
                },
            },
            span: 14..46,
        },
    ],
    sources: [],
    agents: [
        Spanned {
            node: NamedDef {
                name: "fake",
                decl: Fake {
                    exit_code: 0,
                    delay_secs: Some(
                        2,
                    ),
                    stdout: [
                        "processing file A",
                        "done",
                    ],
                    stderr: [
                        "warning: deprecated API",
                    ],
                    files: {
                        "output/report.json": "{\"status\": \"ok\"}",
                        "output/result.txt": "refactored content",
                    },
                },
            },
            span: 48..300,
        },
    ],
    prompts: [],
    runners: [
        Spanned {
            node: RunnerDef {
                name: None,
                agent: "fake",
                workspace: "local",
                queue: Some(
                    "memory",
                ),
                continue_on_error: false,
                behavior: Wait,
                iteration_timeout_secs: None,
                prompt: Single(
                    Inline(
                        "Fake test.",
                    ),
                ),
                events: [],
            },
            span: 302..434,
        },
    ],
}
