---
source: iter_language/tests/conformance.rs
description: agent-router-strategy-last.iter
---
Iterfile {
    args: [],
    queues: [
        Spanned {
            node: NamedDef {
                name: "memory",
                decl: Memory,
            },
            span: 0..12,
        },
    ],
    workspaces: [
        Spanned {
            node: NamedDef {
                name: "local",
                decl: Local {
                    base: ".",
                },
            },
            span: 14..46,
        },
    ],
    agents: [
        Spanned {
            node: NamedDef {
                name: "router",
                decl: Router {
                    agents: [
                        (
                            "beta",
                            Generic {
                                command: [
                                    "echo",
                                    "beta",
                                ],
                                env: {},
                            },
                        ),
                        (
                            "alpha",
                            Generic {
                                command: [
                                    "echo",
                                    "alpha",
                                ],
                                env: {},
                            },
                        ),
                    ],
                    strategy: Fallback,
                },
            },
            span: 48..222,
        },
    ],
    prompts: [],
    runners: [
        Spanned {
            node: RunnerDef {
                name: None,
                agent: "router",
                workspace: "local",
                queue: Some(
                    "memory",
                ),
                continue_on_error: false,
                behavior: Wait,
                iteration_timeout_secs: None,
                prompt: Single(
                    Inline(
                        "Strategy declared after sub-agents; order is beta then alpha.",
                    ),
                ),
                events: [],
            },
            span: 224..409,
        },
    ],
}
