---
source: iter_language/tests/conformance.rs
description: agent-env.iter
---
Root {
    args: [],
    queue: Some(
        Spanned {
            node: Memory,
            span: 0..12,
        },
    ),
    workspace: Some(
        Spanned {
            node: Local {
                base: ".",
            },
            span: 14..46,
        },
    ),
    agent: Some(
        Spanned {
            node: Claude {
                mode: Print,
                command: "claude",
                args: [],
                session_id_file: None,
                env: {
                    "EXP_AXIS": "design",
                    "WORKTREE_NAME": "exp-1-20260507",
                },
            },
            span: 48..181,
        },
    ),
    runner: Some(
        Spanned {
            node: RunnerDecl {
                continue_on_error: false,
                behavior: Wait,
                iteration_timeout_secs: None,
            },
            span: 183..239,
        },
    ),
    prompts: [
        Spanned {
            node: PromptDecl {
                guard: None,
                body: "Env test.",
            },
            span: 241..259,
        },
    ],
    events: [],
}
