---
source: iter_language/tests/conformance.rs
description: agent-router-rotate.iter
---
Iterfile {
    args: [],
    queues: [
        Spanned {
            node: NamedDef {
                name: "memory",
                decl: Memory,
            },
            span: 0..12,
        },
    ],
    workspaces: [
        Spanned {
            node: NamedDef {
                name: "local",
                decl: Local {
                    base: ".",
                },
            },
            span: 14..46,
        },
    ],
    agents: [
        Spanned {
            node: NamedDef {
                name: "router",
                decl: Router {
                    agents: [
                        (
                            "alpha",
                            Claude {
                                mode: Headless,
                                command: "claude",
                                args: [],
                                session_id_file: None,
                                env: {},
                            },
                        ),
                        (
                            "beta",
                            Gemini {
                                mode: Headless,
                                command: "gemini",
                                args: [],
                                env: {},
                            },
                        ),
                        (
                            "gamma",
                            Generic {
                                command: [
                                    "echo",
                                    "fallback",
                                ],
                                env: {},
                            },
                        ),
                    ],
                    strategy: Rotate,
                },
            },
            span: 48..313,
        },
    ],
    prompts: [],
    runners: [
        Spanned {
            node: RunnerDef {
                name: None,
                agent: "router",
                workspace: "local",
                queue: Some(
                    "memory",
                ),
                continue_on_error: false,
                behavior: Wait,
                iteration_timeout_secs: None,
                prompt: Single(
                    Inline(
                        "Router rotate test.",
                    ),
                ),
                events: [],
            },
            span: 315..458,
        },
    ],
}
