---
source: iter_language/tests/conformance.rs
description: agent-system-prompt.iter
---
Iterfile {
    args: [],
    queues: [],
    workspaces: [
        Spanned {
            node: NamedDef {
                name: "local",
                decl: Local {
                    base: ".",
                    source: None,
                },
            },
            span: 0..32,
        },
    ],
    sources: [],
    agents: [
        Spanned {
            node: NamedDef {
                name: "router",
                decl: Router {
                    agents: [
                        (
                            "claude_worker",
                            Claude {
                                mode: Headless,
                                command: "claude",
                                args: [],
                                system_prompt: Some(
                                    "Review changes conservatively.",
                                ),
                                session_id_file: None,
                                env: {},
                            },
                        ),
                        (
                            "cline_worker",
                            Cline {
                                command: "cline",
                                args: [],
                                system_prompt: Some(
                                    "Prefer read-only inspection.",
                                ),
                                env: {},
                            },
                        ),
                        (
                            "grok_worker",
                            Grok {
                                command: "grok",
                                args: [],
                                system_prompt: Some(
                                    "Keep patches small.",
                                ),
                                session_id_file: None,
                                env: {},
                            },
                        ),
                    ],
                    strategy: Rotate,
                    fallback_on: Any,
                },
            },
            span: 34..386,
        },
    ],
    prompts: [],
    runners: [
        Spanned {
            node: RunnerDef {
                name: None,
                agent: "router",
                workspace: "local",
                queue: None,
                continue_on_error: false,
                behavior: Synthesize {
                    delay_secs: None,
                },
                iteration_timeout_secs: None,
                completion: None,
                prompt: Single(
                    Inline(
                        "Inspect the repository.",
                    ),
                ),
                events: [],
            },
            span: 388..558,
        },
    ],
}
