---
source: iter_language/tests/conformance.rs
description: agent-antigravity.iter
---
Iterfile {
    args: [],
    queues: [
        Spanned {
            node: NamedDef {
                name: "memory",
                decl: Memory,
            },
            span: 0..12,
        },
    ],
    workspaces: [
        Spanned {
            node: NamedDef {
                name: "local",
                decl: Local {
                    base: ".",
                },
            },
            span: 14..46,
        },
    ],
    agents: [
        Spanned {
            node: NamedDef {
                name: "antigravity",
                decl: Antigravity {
                    mode: Print,
                    command: "agy",
                    args: [
                        "--print-timeout",
                        "600",
                    ],
                    conversation_id: Some(
                        "my-session",
                    ),
                    env: {},
                },
            },
            span: 48..201,
        },
    ],
    prompts: [],
    runners: [
        Spanned {
            node: RunnerDef {
                name: None,
                agent: "antigravity",
                workspace: "local",
                queue: Some(
                    "memory",
                ),
                continue_on_error: false,
                behavior: Wait,
                iteration_timeout_secs: None,
                prompt: Single(
                    Inline(
                        "Antigravity test.",
                    ),
                ),
                events: [],
            },
            span: 203..349,
        },
    ],
}
