---
source: iter_language/tests/conformance.rs
description: agent-passthrough.iter
---
Root {
    args: [],
    queues: [
        Spanned {
            node: NamedDef {
                name: "memory",
                decl: Memory,
            },
            span: 0..12,
        },
    ],
    workspaces: [
        Spanned {
            node: NamedDef {
                name: "local",
                decl: Local {
                    base: ".",
                },
            },
            span: 14..46,
        },
    ],
    agents: [
        Spanned {
            node: NamedDef {
                name: "copilot",
                decl: Copilot {
                    mode: Print,
                    command: "/opt/bin/gh",
                    subcommand: Some(
                        [
                            "copilot",
                            "explain",
                        ],
                    ),
                    args: [
                        "--no-color",
                        "--quiet",
                    ],
                    env: {},
                },
            },
            span: 48..194,
        },
    ],
    prompts: [],
    runners: [
        Spanned {
            node: RunnerDecl {
                name: None,
                agent: "copilot",
                workspace: "local",
                queue: Some(
                    "memory",
                ),
                continue_on_error: false,
                behavior: Wait,
                iteration_timeout_secs: None,
                prompt: Single(
                    Inline(
                        "Pass-through smoke test.",
                    ),
                ),
                events: [],
            },
            span: 196..252,
        },
    ],
}
