---
source: iter_language/tests/conformance.rs
description: apply-back-asymmetric-filter.iter
---
Iterfile {
    args: [],
    queues: [
        Spanned {
            node: NamedDef {
                name: "memory",
                decl: Memory,
            },
            span: 0..12,
        },
    ],
    workspaces: [
        Spanned {
            node: NamedDef {
                name: "sandbox",
                decl: Sandbox {
                    base: "./worktree",
                    source: None,
                    excludes: [
                        ".git",
                    ],
                    includes: [],
                    preserve_mtime: false,
                    apply_back: ApplyBackDef {
                        mode: Sync,
                        excludes: [
                            "*.md",
                            ".git",
                        ],
                        includes: [
                            "README.md",
                        ],
                    },
                    policy: SandboxPolicyDef {
                        network: Off,
                        allow_read_outside: [],
                        allow_write_outside: [],
                        extra_deny_paths: [],
                        allow_exec: [],
                    },
                },
            },
            span: 14..235,
        },
    ],
    sources: [],
    agents: [
        Spanned {
            node: NamedDef {
                name: "claude",
                decl: Claude {
                    mode: Headless,
                    command: "claude",
                    args: [],
                    session_id_file: None,
                    env: {},
                },
            },
            span: 237..289,
        },
    ],
    prompts: [],
    runners: [
        Spanned {
            node: RunnerDef {
                name: None,
                agent: "claude",
                workspace: "sandbox",
                queue: Some(
                    "memory",
                ),
                continue_on_error: true,
                behavior: Wait,
                iteration_timeout_secs: None,
                prompt: Single(
                    Inline(
                        "iterate",
                    ),
                ),
                events: [],
            },
            span: 291..423,
        },
    ],
}
