---
source: iter_language/tests/conformance.rs
description: arg-required.iter
---
Root {
    args: [
        Spanned {
            node: ArgDecl {
                name: "worktree_name",
                default: None,
            },
            span: 0..17,
        },
    ],
    queue: Some(
        Spanned {
            node: Memory,
            span: 19..31,
        },
    ),
    workspace: Some(
        Spanned {
            node: Local {
                base: ".",
            },
            span: 33..65,
        },
    ),
    agent: Some(
        Spanned {
            node: Claude {
                mode: Interactive,
                command: "claude",
                args: [],
                session_id_file: None,
            },
            span: 67..125,
        },
    ),
    runner: Some(
        Spanned {
            node: RunnerDecl {
                continue_on_error: false,
                behavior: Wait,
                iteration_timeout_secs: None,
            },
            span: 127..183,
        },
    ),
    prompts: [
        Spanned {
            node: PromptDecl {
                guard: None,
                body: "Working on {{arg.worktree_name}}.",
            },
            span: 185..227,
        },
    ],
    events: [],
}
