---
source: iter_language/tests/conformance.rs
description: arg-default.iter
---
Root {
    args: [
        Spanned {
            node: ArgDecl {
                name: "model",
                default: Some(
                    "gpt-4o",
                ),
            },
            span: 0..20,
        },
    ],
    queue: Some(
        Spanned {
            node: Memory,
            span: 22..34,
        },
    ),
    workspace: Some(
        Spanned {
            node: Local {
                base: ".",
            },
            span: 36..68,
        },
    ),
    agent: Some(
        Spanned {
            node: Claude {
                mode: Interactive,
                command: "claude",
                args: [],
                session_id_file: None,
                env: {},
            },
            span: 70..128,
        },
    ),
    runner: Some(
        Spanned {
            node: RunnerDecl {
                continue_on_error: false,
                behavior: Wait,
                iteration_timeout_secs: None,
            },
            span: 130..186,
        },
    ),
    prompts: [
        Spanned {
            node: PromptDecl {
                guard: None,
                body: "Use {{arg.model}} for this task.",
            },
            span: 188..229,
        },
    ],
    events: [],
}
