---
source: iter_language/tests/conformance.rs
description: arg-default.iter
---
Root {
    args: [
        Spanned {
            node: ArgDecl {
                name: "model",
                default: Some(
                    "gpt-4o",
                ),
            },
            span: 0..20,
        },
    ],
    queues: [
        Spanned {
            node: NamedDef {
                name: "memory",
                decl: Memory,
            },
            span: 22..34,
        },
    ],
    workspaces: [
        Spanned {
            node: NamedDef {
                name: "local",
                decl: Local {
                    base: ".",
                },
            },
            span: 36..68,
        },
    ],
    agents: [
        Spanned {
            node: NamedDef {
                name: "claude",
                decl: Claude {
                    mode: Interactive,
                    command: "claude",
                    args: [],
                    session_id_file: None,
                    env: {},
                },
            },
            span: 70..128,
        },
    ],
    prompts: [],
    runners: [
        Spanned {
            node: RunnerDecl {
                name: None,
                agent: "claude",
                workspace: "local",
                queue: Some(
                    "memory",
                ),
                continue_on_error: false,
                behavior: Wait,
                iteration_timeout_secs: None,
                prompt: Single(
                    Inline(
                        "Use {{arg.model}} for this task.",
                    ),
                ),
                events: [],
            },
            span: 130..286,
        },
    ],
}
