---
source: iter_language/tests/conformance.rs
description: arg-required.iter
---
Iterfile {
    args: [
        Spanned {
            node: ArgDef {
                name: "worktree_name",
                default: None,
            },
            span: 0..17,
        },
    ],
    queues: [
        Spanned {
            node: NamedDef {
                name: "memory",
                decl: Memory,
            },
            span: 19..31,
        },
    ],
    workspaces: [
        Spanned {
            node: NamedDef {
                name: "local",
                decl: Local {
                    base: ".",
                },
            },
            span: 33..65,
        },
    ],
    agents: [
        Spanned {
            node: NamedDef {
                name: "claude",
                decl: Claude {
                    mode: Interactive,
                    command: "claude",
                    args: [],
                    session_id_file: None,
                    env: {},
                },
            },
            span: 67..125,
        },
    ],
    prompts: [],
    runners: [
        Spanned {
            node: RunnerDef {
                name: None,
                agent: "claude",
                workspace: "local",
                queue: Some(
                    "memory",
                ),
                continue_on_error: false,
                behavior: Wait,
                iteration_timeout_secs: None,
                prompt: Single(
                    Inline(
                        "Working on {{arg.worktree_name}}.",
                    ),
                ),
                events: [],
            },
            span: 127..284,
        },
    ],
}
