---
source: iter_language/tests/conformance.rs
description: clone-options.iter
---
Iterfile {
    args: [],
    queues: [
        Spanned {
            node: NamedDef {
                name: "memory",
                decl: Memory,
            },
            span: 0..12,
        },
    ],
    workspaces: [
        Spanned {
            node: NamedDef {
                name: "clone",
                decl: Clone {
                    base: ".",
                    remote: None,
                    excludes: [
                        "build-output",
                        "vendor-cache",
                        ".scratch",
                        ".vcs",
                    ],
                    includes: [
                        ".vcs",
                    ],
                    preserve_mtime: false,
                    apply_back: ApplyBackDef {
                        mode: Merge,
                        excludes: [],
                        includes: [],
                    },
                },
            },
            span: 14..188,
        },
    ],
    agents: [
        Spanned {
            node: NamedDef {
                name: "claude",
                decl: Claude {
                    mode: Headless,
                    command: "claude",
                    args: [],
                    session_id_file: None,
                    env: {},
                },
            },
            span: 190..242,
        },
    ],
    prompts: [],
    runners: [
        Spanned {
            node: RunnerDef {
                name: None,
                agent: "claude",
                workspace: "clone",
                queue: Some(
                    "memory",
                ),
                continue_on_error: false,
                behavior: Wait,
                iteration_timeout_secs: None,
                prompt: Single(
                    Inline(
                        "explore",
                    ),
                ),
                events: [],
            },
            span: 244..375,
        },
    ],
}
