---
source: iter_language/tests/conformance.rs
description: iter-explore.iter
---
Iterfile {
    args: [],
    queues: [
        Spanned {
            node: NamedDef {
                name: "memory",
                decl: Memory,
            },
            span: 0..12,
        },
    ],
    workspaces: [
        Spanned {
            node: NamedDef {
                name: "clone",
                decl: Clone {
                    base: ".",
                    remote: None,
                    excludes: [],
                    includes: [],
                    preserve_mtime: true,
                    apply_back: ApplyBackDef {
                        mode: Sync,
                        excludes: [],
                        includes: [],
                    },
                },
            },
            span: 14..114,
        },
    ],
    agents: [
        Spanned {
            node: NamedDef {
                name: "claude",
                decl: Claude {
                    mode: Interactive,
                    command: "claude",
                    args: [],
                    session_id_file: None,
                    env: {},
                },
            },
            span: 116..174,
        },
    ],
    prompts: [],
    runners: [
        Spanned {
            node: RunnerDef {
                name: None,
                agent: "claude",
                workspace: "clone",
                queue: Some(
                    "memory",
                ),
                continue_on_error: false,
                behavior: Synthesize {
                    delay_secs: None,
                },
                iteration_timeout_secs: None,
                prompt: Single(
                    Inline(
                        "Continue improving iter. When you believe the iteration is complete, write \"ITER_DONE\".",
                    ),
                ),
                events: [
                    Spanned {
                        node: EventHandlerDef {
                            event: WorkspaceTeardownFinished,
                            actions: [
                                Shell(
                                    "./scripts/on-torndown.sh {{signal.id}}",
                                ),
                            ],
                        },
                        span: 397..484,
                    },
                ],
            },
            span: 176..486,
        },
    ],
}
