---
source: iter_language/tests/conformance.rs
description: prompt-iteration-comparison.iter
---
Iterfile {
    args: [],
    queues: [
        Spanned {
            node: NamedDef {
                name: "memory",
                decl: Memory,
            },
            span: 0..12,
        },
    ],
    workspaces: [
        Spanned {
            node: NamedDef {
                name: "clone",
                decl: Clone {
                    base: ".",
                    source: None,
                    remote: None,
                    excludes: [],
                    includes: [],
                    preserve_mtime: true,
                    apply_back: ApplyBackDef {
                        mode: Sync,
                        excludes: [],
                        includes: [],
                    },
                },
            },
            span: 14..114,
        },
    ],
    sources: [],
    agents: [
        Spanned {
            node: NamedDef {
                name: "claude",
                decl: Claude {
                    mode: Headless,
                    command: "claude",
                    args: [],
                    system_prompt: None,
                    session_id_file: None,
                    output_schema: None,
                    env: {},
                },
            },
            span: 116..168,
        },
    ],
    prompts: [],
    runners: [
        Spanned {
            node: RunnerDef {
                name: None,
                agent: "claude",
                workspace: "clone",
                queue: Some(
                    "memory",
                ),
                continue_on_error: true,
                behavior: Wait,
                iteration_timeout_secs: None,
                completion: None,
                prompt: Match {
                    arms: [
                        PromptArm {
                            guard: Binary {
                                lhs: Path {
                                    root: "iteration",
                                    segments: [
                                        Field(
                                            "count",
                                        ),
                                    ],
                                },
                                op: Eq,
                                rhs: Literal(
                                    Integer(
                                        1,
                                    ),
                                ),
                            },
                            value: Inline(
                                "first run",
                            ),
                        },
                        PromptArm {
                            guard: Binary {
                                lhs: Path {
                                    root: "iteration",
                                    segments: [
                                        Field(
                                            "consecutive_failures",
                                        ),
                                    ],
                                },
                                op: Ge,
                                rhs: Literal(
                                    Integer(
                                        3,
                                    ),
                                ),
                            },
                            value: Inline(
                                "three failures in a row",
                            ),
                        },
                        PromptArm {
                            guard: Binary {
                                lhs: Path {
                                    root: "iteration",
                                    segments: [
                                        Field(
                                            "previous_exit_code",
                                        ),
                                    ],
                                },
                                op: Neq,
                                rhs: Literal(
                                    Integer(
                                        0,
                                    ),
                                ),
                            },
                            value: Inline(
                                "previous turn errored exit={{iteration.previous_exit_code}}",
                            ),
                        },
                    ],
                    default: Inline(
                        "regular tick n={{iteration.count}}",
                    ),
                },
                events: [],
            },
            span: 170..552,
        },
    ],
}
