---
source: iter_language/tests/conformance.rs
description: queue-sqs-minimal.iter
---
Iterfile {
    args: [],
    queues: [
        Spanned {
            node: NamedDef {
                name: "sqs",
                decl: Sqs(
                    SqsConfig {
                        identity: Url(
                            "https://sqs.us-east-1.amazonaws.com/123456789012/iter-signals",
                        ),
                        region: Some(
                            "us-east-1",
                        ),
                        endpoint_url: None,
                        fifo: None,
                        use_fips: None,
                        use_dual_stack: None,
                        sts_regional_endpoints: None,
                        app_name: None,
                        credentials: None,
                        http_client: None,
                        producer: None,
                        consumer: None,
                        retry: None,
                        dlq: None,
                    },
                ),
            },
            span: 0..114,
        },
    ],
    workspaces: [
        Spanned {
            node: NamedDef {
                name: "local",
                decl: Local {
                    base: ".",
                },
            },
            span: 116..148,
        },
    ],
    agents: [
        Spanned {
            node: NamedDef {
                name: "claude",
                decl: Claude {
                    mode: Print,
                    command: "claude",
                    args: [],
                    session_id_file: None,
                    env: {},
                },
            },
            span: 150..202,
        },
    ],
    prompts: [],
    runners: [
        Spanned {
            node: RunnerDef {
                name: None,
                agent: "claude",
                workspace: "local",
                queue: Some(
                    "sqs",
                ),
                continue_on_error: false,
                behavior: Wait,
                iteration_timeout_secs: None,
                prompt: Single(
                    Inline(
                        "do the thing",
                    ),
                ),
                events: [],
            },
            span: 204..337,
        },
    ],
}
