---
source: iter_language/tests/conformance.rs
description: queue-kafka-minimal.iter
---
Root {
    args: [],
    queue: Some(
        Spanned {
            node: Kafka(
                KafkaConfig {
                    bootstrap_servers: "localhost:9092",
                    client_id: None,
                    client_rack: None,
                    broker_address_family: None,
                    broker_address_ttl_secs: None,
                    metadata_max_age_secs: None,
                    topic_metadata_refresh_interval_secs: None,
                    topic_metadata_refresh_fast_interval_ms: None,
                    socket_timeout_secs: None,
                    socket_keepalive_enable: None,
                    socket_nagle_disable: None,
                    socket_max_fails: None,
                    reconnect_backoff_ms: None,
                    reconnect_backoff_max_ms: None,
                    api_version_request: None,
                    api_version_request_timeout_ms: None,
                    security: None,
                    producer: Some(
                        KafkaProducer {
                            topic: Some(
                                "iter-signals",
                            ),
                            acks: None,
                            compression_type: None,
                            compression_level: None,
                            batch_size_bytes: None,
                            batch_num_messages: None,
                            linger_ms: None,
                            queue_buffering_max_messages: None,
                            queue_buffering_max_kbytes: None,
                            message_max_bytes: None,
                            message_copy_max_bytes: None,
                            max_in_flight_requests_per_connection: None,
                            request_timeout_ms: None,
                            message_timeout_ms: None,
                            delivery_timeout_ms: None,
                            transactional_id: None,
                            transaction_timeout_ms: None,
                            enable_idempotence: None,
                            enable_gapless_guarantee: None,
                            partitioner: None,
                            message_send_max_retries: None,
                            retry_backoff_ms: None,
                            retry_backoff_max_ms: None,
                            key_strategy: None,
                            headers: None,
                            timestamp_strategy: None,
                            partition_strategy: None,
                        },
                    ),
                    consumer: Some(
                        KafkaConsumer {
                            topics: Some(
                                [
                                    "iter-signals",
                                ],
                            ),
                            group_id: Some(
                                "iter-runner",
                            ),
                            group_instance_id: None,
                            auto_offset_reset: None,
                            enable_auto_commit: None,
                            auto_commit_interval_ms: None,
                            enable_auto_offset_store: None,
                            fetch_min_bytes: None,
                            fetch_max_bytes: None,
                            max_partition_fetch_bytes: None,
                            fetch_wait_max_ms: None,
                            fetch_queue_backoff_ms: None,
                            session_timeout_ms: None,
                            heartbeat_interval_ms: None,
                            max_poll_interval_ms: None,
                            isolation_level: None,
                            partition_assignment_strategy: None,
                            check_crcs: None,
                            queued_min_messages: None,
                            queued_max_messages_kbytes: None,
                            poll_timeout_ms: None,
                        },
                    ),
                    exactly_once: None,
                    extra_config: None,
                    dlq: None,
                },
            ),
            span: 0..174,
        },
    ),
    workspace: Some(
        Spanned {
            node: Local {
                base: ".",
            },
            span: 176..208,
        },
    ),
    agent: Some(
        Spanned {
            node: Claude {
                mode: Print,
                command: "claude",
                args: [],
                session_id_file: None,
                env: {},
            },
            span: 210..262,
        },
    ),
    runner: Some(
        Spanned {
            node: RunnerDecl {
                continue_on_error: false,
                behavior: Wait,
                iteration_timeout_secs: None,
            },
            span: 286..339,
        },
    ),
    prompts: [
        Spanned {
            node: PromptDecl {
                guard: None,
                body: "do the thing",
            },
            span: 264..285,
        },
    ],
    events: [],
}
