---
source: iter_language/tests/conformance.rs
description: queue-shell-minimal.iter
---
Root {
    queue: Some(
        Spanned {
            node: Shell {
                enqueue: "true",
                dequeue: "true",
                close: None,
                interpreter: None,
                enqueue_timeout_secs: None,
            },
            span: 0..53,
        },
    ),
    workspace: Some(
        Spanned {
            node: Local {
                base: ".",
            },
            span: 55..87,
        },
    ),
    agent: Some(
        Spanned {
            node: Claude {
                mode: Print,
                command: "claude",
                args: [],
                session_id_file: None,
            },
            span: 89..141,
        },
    ),
    runner: Some(
        Spanned {
            node: RunnerDecl {
                continue_on_error: false,
                behavior: Wait,
                iteration_timeout_secs: None,
            },
            span: 165..218,
        },
    ),
    prompts: [
        Spanned {
            node: PromptDecl {
                guard: None,
                body: "do the thing",
            },
            span: 143..164,
        },
    ],
    events: [],
}
