---
source: iter_language/tests/conformance.rs
description: queue-shell-minimal.iter
---
Iterfile {
    args: [],
    queues: [
        Spanned {
            node: NamedDef {
                name: "shell",
                decl: Shell {
                    enqueue: "true",
                    dequeue: "true",
                    close: None,
                    interpreter: None,
                    enqueue_timeout_secs: None,
                },
            },
            span: 0..53,
        },
    ],
    workspaces: [
        Spanned {
            node: NamedDef {
                name: "local",
                decl: Local {
                    base: ".",
                },
            },
            span: 55..87,
        },
    ],
    agents: [
        Spanned {
            node: NamedDef {
                name: "claude",
                decl: Claude {
                    mode: Headless,
                    command: "claude",
                    args: [],
                    session_id_file: None,
                    env: {},
                },
            },
            span: 89..141,
        },
    ],
    prompts: [],
    runners: [
        Spanned {
            node: RunnerDef {
                name: None,
                agent: "claude",
                workspace: "local",
                queue: Some(
                    "shell",
                ),
                continue_on_error: false,
                behavior: Wait,
                iteration_timeout_secs: None,
                prompt: Single(
                    Inline(
                        "do the thing",
                    ),
                ),
                events: [],
            },
            span: 143..278,
        },
    ],
}
