---
source: iter_language/tests/conformance.rs
description: queue-pubsub.iter
---
Root {
    queue: Some(
        Spanned {
            node: PubSub(
                PubSubConfig {
                    project: "my-gcp-project",
                    topic: "iter-signals",
                    subscription: "iter-runner-ordered",
                    endpoint: Some(
                        "us-east1-pubsub.googleapis.com:443",
                    ),
                    user_agent: Some(
                        "iter/1.0",
                    ),
                    connect_timeout_secs: Some(
                        10,
                    ),
                    request_timeout_secs: Some(
                        30,
                    ),
                    keepalive: Some(
                        PubSubKeepalive {
                            time_secs: Some(
                                60,
                            ),
                            timeout_secs: Some(
                                20,
                            ),
                            permit_without_stream: Some(
                                true,
                            ),
                        },
                    ),
                    quota_project: Some(
                        "my-billing-project",
                    ),
                    scopes: Some(
                        [
                            "https://www.googleapis.com/auth/pubsub",
                        ],
                    ),
                    credentials: Some(
                        PubSubCredentials {
                            kind: ServiceAccountInline {
                                json: EnvVar(
                                    "GCP_SERVICE_ACCOUNT_JSON",
                                ),
                            },
                        },
                    ),
                    publisher: Some(
                        PubSubPublisher {
                            delay_threshold_ms: Some(
                                10,
                            ),
                            count_threshold: Some(
                                200,
                            ),
                            byte_threshold: Some(
                                1048576,
                            ),
                            max_outstanding_messages: Some(
                                1000,
                            ),
                            max_outstanding_bytes: Some(
                                100000000,
                            ),
                            limit_exceeded_behavior: Some(
                                "block",
                            ),
                            workers: Some(
                                4,
                            ),
                            request_timeout_secs: Some(
                                30,
                            ),
                            retry: Some(
                                RetryPolicyDecl {
                                    mode: Some(
                                        "exponential",
                                    ),
                                    max_attempts: Some(
                                        5,
                                    ),
                                    initial_backoff_secs: None,
                                    max_backoff_secs: None,
                                    try_timeout_secs: None,
                                    retryable_codes: None,
                                },
                            ),
                            enable_compression: Some(
                                true,
                            ),
                            compression_bytes_threshold: Some(
                                240,
                            ),
                            attributes: Some(
                                [
                                    (
                                        "source",
                                        "iter",
                                    ),
                                ],
                            ),
                            ordering_key_strategy: Some(
                                FromMetadata(
                                    "workspace",
                                ),
                            ),
                        },
                    ),
                    subscriber: Some(
                        PubSubSubscriber {
                            pull_mode: Some(
                                "streaming",
                            ),
                            stream_ack_deadline_seconds: Some(
                                120,
                            ),
                            max_outstanding_messages: Some(
                                100,
                            ),
                            max_outstanding_bytes: Some(
                                100000000,
                            ),
                            min_duration_per_lease_extension_secs: Some(
                                30,
                            ),
                            max_duration_per_lease_extension_secs: Some(
                                600,
                            ),
                            ping_interval_secs: Some(
                                30,
                            ),
                            max_messages: None,
                            return_immediately: None,
                            retry: Some(
                                RetryPolicyDecl {
                                    mode: Some(
                                        "exponential",
                                    ),
                                    max_attempts: Some(
                                        5,
                                    ),
                                    initial_backoff_secs: None,
                                    max_backoff_secs: None,
                                    try_timeout_secs: None,
                                    retryable_codes: Some(
                                        [
                                            "UNAVAILABLE",
                                            "DEADLINE_EXCEEDED",
                                        ],
                                    ),
                                },
                            ),
                        },
                    ),
                    initial_seek: Some(
                        PubSubInitialSeek {
                            kind: "timestamp",
                            timestamp: Some(
                                "2026-01-01T00:00:00Z",
                            ),
                            snapshot_name: None,
                        },
                    ),
                    dlq: Some(
                        DlqPolicyDecl {
                            kind: Some(
                                "native",
                            ),
                            max_receive_count: None,
                            reason_template: None,
                            include_headers: None,
                            target: None,
                        },
                    ),
                },
            ),
            span: 0..1569,
        },
    ),
    workspace: Some(
        Spanned {
            node: Local {
                base: ".",
            },
            span: 1571..1603,
        },
    ),
    agent: Some(
        Spanned {
            node: Claude {
                mode: Print,
                command: "claude",
                args: [],
                session_id_file: None,
            },
            span: 1605..1657,
        },
    ),
    runner: Some(
        Spanned {
            node: RunnerDecl {
                continue_on_error: false,
                behavior: Wait,
                iteration_timeout_secs: None,
            },
            span: 1681..1734,
        },
    ),
    prompts: [
        Spanned {
            node: PromptDecl {
                guard: None,
                body: "do the thing",
            },
            span: 1659..1680,
        },
    ],
    events: [],
}
