---
source: iter_language/tests/conformance.rs
description: queue-shell.iter
---
Iterfile {
    args: [],
    queues: [
        Spanned {
            node: NamedDef {
                name: "shell",
                decl: Shell {
                    enqueue: "redis-cli -u $REDIS_URL ZADD myq $ITER_SIGNAL_PRIORITY -",
                    dequeue: "./scripts/poll-myq.sh",
                    close: Some(
                        "redis-cli -u $REDIS_URL DEL myq",
                    ),
                    interpreter: Some(
                        "bash -c",
                    ),
                    enqueue_timeout_secs: Some(
                        30,
                    ),
                },
            },
            span: 0..218,
        },
    ],
    workspaces: [
        Spanned {
            node: NamedDef {
                name: "local",
                decl: Local {
                    base: ".",
                },
            },
            span: 220..252,
        },
    ],
    agents: [
        Spanned {
            node: NamedDef {
                name: "claude",
                decl: Claude {
                    mode: Print,
                    command: "claude",
                    args: [],
                    session_id_file: None,
                    env: {},
                },
            },
            span: 254..306,
        },
    ],
    prompts: [],
    runners: [
        Spanned {
            node: RunnerDef {
                name: None,
                agent: "claude",
                workspace: "local",
                queue: Some(
                    "shell",
                ),
                continue_on_error: false,
                behavior: Wait,
                iteration_timeout_secs: None,
                prompt: Single(
                    Inline(
                        "do the thing",
                    ),
                ),
                events: [],
            },
            span: 308..443,
        },
    ],
}
