---
source: iter_language/tests/conformance.rs
description: queue-pubsub-minimal.iter
---
Root {
    args: [],
    queues: [
        Spanned {
            node: NamedDef {
                name: "pubsub",
                decl: PubSub(
                    PubSubConfig {
                        project: "my-gcp-project",
                        topic: "iter-signals",
                        subscription: "iter-runner",
                        endpoint: None,
                        user_agent: None,
                        connect_timeout_secs: None,
                        request_timeout_secs: None,
                        keepalive: None,
                        quota_project: None,
                        scopes: None,
                        credentials: None,
                        publisher: None,
                        subscriber: None,
                        initial_seek: None,
                        dlq: None,
                    },
                ),
            },
            span: 0..101,
        },
    ],
    workspaces: [
        Spanned {
            node: NamedDef {
                name: "local",
                decl: Local {
                    base: ".",
                },
            },
            span: 103..135,
        },
    ],
    agents: [
        Spanned {
            node: NamedDef {
                name: "claude",
                decl: Claude {
                    mode: Print,
                    command: "claude",
                    args: [],
                    session_id_file: None,
                    env: {},
                },
            },
            span: 137..189,
        },
    ],
    prompts: [],
    runners: [
        Spanned {
            node: RunnerDecl {
                name: None,
                agent: "claude",
                workspace: "local",
                queue: Some(
                    "pubsub",
                ),
                continue_on_error: false,
                behavior: Wait,
                iteration_timeout_secs: None,
                prompt: Single(
                    Inline(
                        "do the thing",
                    ),
                ),
                events: [],
            },
            span: 213..266,
        },
    ],
}
