---
source: iter_language/tests/conformance.rs
description: queue-kinesis-minimal.iter
---
Root {
    args: [],
    queues: [
        Spanned {
            node: NamedDef {
                name: "kinesis",
                decl: Kinesis(
                    KinesisConfig {
                        identity: Arn(
                            "arn:aws:kinesis:us-east-1:123456789012:stream/iter-signals",
                        ),
                        region: Some(
                            "us-east-1",
                        ),
                        endpoint_url: None,
                        credentials: None,
                        http_client: None,
                        producer: None,
                        consumer: None,
                        checkpoint: None,
                        retry: None,
                        dlq: None,
                    },
                ),
            },
            span: 0..120,
        },
    ],
    workspaces: [
        Spanned {
            node: NamedDef {
                name: "local",
                decl: Local {
                    base: ".",
                },
            },
            span: 122..154,
        },
    ],
    agents: [
        Spanned {
            node: NamedDef {
                name: "claude",
                decl: Claude {
                    mode: Print,
                    command: "claude",
                    args: [],
                    session_id_file: None,
                    env: {},
                },
            },
            span: 156..208,
        },
    ],
    prompts: [],
    runners: [
        Spanned {
            node: RunnerDecl {
                name: None,
                agent: "claude",
                workspace: "local",
                queue: Some(
                    "kinesis",
                ),
                continue_on_error: false,
                behavior: Wait,
                iteration_timeout_secs: None,
                prompt: Single(
                    Inline(
                        "do the thing",
                    ),
                ),
                events: [],
            },
            span: 210..347,
        },
    ],
}
