---
source: iter_language/tests/conformance.rs
description: queue-servicebus-minimal.iter
---
Iterfile {
    args: [],
    queues: [
        Spanned {
            node: NamedDef {
                name: "servicebus",
                decl: ServiceBus(
                    ServiceBusConfig {
                        fully_qualified_namespace: Some(
                            "iter-bus.servicebus.windows.net",
                        ),
                        entity_kind: Some(
                            "queue",
                        ),
                        queue_name: Some(
                            "signals",
                        ),
                        topic_name: None,
                        subscription_name: None,
                        transport: None,
                        custom_endpoint_address: None,
                        web_proxy: None,
                        connection_idle_timeout_secs: None,
                        identifier: None,
                        authority_host: None,
                        auth: Some(
                            ServiceBusAuth {
                                kind: AadDefault,
                            },
                        ),
                        sender: None,
                        receiver: None,
                        session: None,
                        retry: None,
                        dlq: None,
                    },
                ),
            },
            span: 0..171,
        },
    ],
    workspaces: [
        Spanned {
            node: NamedDef {
                name: "local",
                decl: Local {
                    base: ".",
                },
            },
            span: 173..205,
        },
    ],
    agents: [
        Spanned {
            node: NamedDef {
                name: "claude",
                decl: Claude {
                    mode: Print,
                    command: "claude",
                    args: [],
                    session_id_file: None,
                    env: {},
                },
            },
            span: 207..259,
        },
    ],
    prompts: [],
    runners: [
        Spanned {
            node: RunnerDef {
                name: None,
                agent: "claude",
                workspace: "local",
                queue: Some(
                    "servicebus",
                ),
                continue_on_error: false,
                behavior: Wait,
                iteration_timeout_secs: None,
                prompt: Single(
                    Inline(
                        "do the thing",
                    ),
                ),
                events: [],
            },
            span: 261..401,
        },
    ],
}
