---
source: iter_language/tests/conformance.rs
description: runner-once-hook.iter
---
Iterfile {
    args: [],
    queues: [
        Spanned {
            node: NamedDef {
                name: "memory",
                decl: Memory,
            },
            span: 0..12,
        },
    ],
    workspaces: [
        Spanned {
            node: NamedDef {
                name: "clone",
                decl: Clone {
                    base: ".",
                    remote: None,
                    excludes: [],
                    includes: [],
                    preserve_mtime: true,
                    apply_back: ApplyBackDef {
                        mode: Sync,
                        excludes: [],
                        includes: [],
                    },
                },
            },
            span: 14..114,
        },
    ],
    agents: [
        Spanned {
            node: NamedDef {
                name: "claude",
                decl: Claude {
                    mode: Headless,
                    command: "claude",
                    args: [],
                    session_id_file: None,
                    env: {},
                },
            },
            span: 116..168,
        },
    ],
    prompts: [],
    runners: [
        Spanned {
            node: RunnerDef {
                name: None,
                agent: "claude",
                workspace: "clone",
                queue: Some(
                    "memory",
                ),
                continue_on_error: false,
                behavior: Wait,
                iteration_timeout_secs: None,
                prompt: Single(
                    Inline(
                        "Iterate on the workspace once.",
                    ),
                ),
                events: [
                    Spanned {
                        node: EventHandlerDef {
                            event: RunnerStarting,
                            actions: [
                                Shell(
                                    "test -d .iter/wt || git worktree add .iter/wt HEAD",
                                ),
                            ],
                        },
                        span: 326..413,
                    },
                    Spanned {
                        node: EventHandlerDef {
                            event: RunnerFinished,
                            actions: [
                                Shell(
                                    "echo 'runner done; worktree retained at .iter/wt'",
                                ),
                            ],
                        },
                        span: 417..503,
                    },
                ],
            },
            span: 170..505,
        },
    ],
}
