---
source: iter_language/tests/conformance.rs
description: worker.iter
---
Root {
    args: [],
    queues: [
        Spanned {
            node: NamedDef {
                name: "redis",
                decl: Redis {
                    url: "redis://localhost:6379/0",
                    key: "iter:worker",
                },
            },
            span: 71..143,
        },
    ],
    workspaces: [
        Spanned {
            node: NamedDef {
                name: "clone",
                decl: Clone {
                    base: ".",
                    remote: None,
                    excludes: [],
                    includes: [],
                    preserve_mtime: true,
                    apply_back: ApplyBackDecl {
                        mode: Sync,
                        excludes: [],
                        includes: [],
                    },
                },
            },
            span: 144..244,
        },
    ],
    agents: [
        Spanned {
            node: NamedDef {
                name: "claude",
                decl: Claude {
                    mode: Print,
                    command: "claude",
                    args: [],
                    session_id_file: None,
                    env: {},
                },
            },
            span: 245..297,
        },
    ],
    prompts: [],
    runners: [
        Spanned {
            node: RunnerDecl {
                name: None,
                agent: "claude",
                workspace: "clone",
                queue: Some(
                    "redis",
                ),
                continue_on_error: false,
                behavior: Wait,
                iteration_timeout_secs: None,
                prompt: Match {
                    arms: [
                        PromptArm {
                            guard: MetadataEq {
                                key: "kind",
                                value: "issue",
                            },
                            value: Inline(
                                "A new issue was opened in {{metadata.repo}}.\nInvestigate and post your findings as a comment.",
                            ),
                        },
                        PromptArm {
                            guard: MetadataEq {
                                key: "kind",
                                value: "ci_fix",
                            },
                            value: Inline(
                                "CI is failing on {{metadata.repo}}. Diagnose the failure and prepare a patch.",
                            ),
                        },
                        PromptArm {
                            guard: And(
                                MetadataNeq {
                                    key: "kind",
                                    value: "issue",
                                },
                                MetadataNeq {
                                    key: "kind",
                                    value: "ci_fix",
                                },
                            ),
                            value: Inline(
                                "Unknown signal kind {{metadata.kind}} — log it and exit.",
                            ),
                        },
                    ],
                    default: Inline(
                        "",
                    ),
                },
                events: [
                    Spanned {
                        node: EventHandlerDecl {
                            event: WorkspaceTeardownFinished,
                            actions: [
                                Shell(
                                    "./scripts/persist-worker-run.sh {{signal.id}}",
                                ),
                            ],
                        },
                        span: 827..915,
                    },
                ],
            },
            span: 299..917,
        },
    ],
}
