---
source: iter_language/tests/conformance.rs
description: agent-without-command.iter
---
Error: agent generic requires `command`
   ╭─[agent-without-command.iter:1:7]
   │
 1 │ agent generic {}
   │       ───┬───  
   │          ╰───── agent generic requires `command`
   │ 
   │ Help: add `command = ["prog", "--flag"]`; generic agents have no default binary
───╯
