---
source: iter_language/tests/conformance.rs
description: agent-fake-negative-turn-count.iter
---
Error: unexpected character `-`
   ╭─[agent-fake-negative-turn-count.iter:2:16]
   │
 2 │   turn_count = -5
   │                ┬  
   │                ╰── unexpected character `-`
───╯

Warning: flat Iterfile syntax is deprecated — use named definitions and runner binding
   ╭─[agent-fake-negative-turn-count.iter:1:1]
   │
 1 │ agent fake {
   │ │ 
   │ ╰─ flat Iterfile syntax is deprecated — use named definitions and runner binding
───╯
