---
source: iter_language/tests/conformance.rs
description: arg-invalid-name.iter
---
Error: expected an identifier, found integer literal
   ╭─[arg-invalid-name.iter:1:5]
   │
 1 │ arg 123bad
   │     ─┬─  
   │      ╰─── expected an identifier, found integer literal
───╯

Warning: flat Iterfile syntax is deprecated — use named definitions and runner binding
   ╭─[arg-invalid-name.iter:1:1]
   │
 1 │ arg 123bad
   │ │ 
   │ ╰─ flat Iterfile syntax is deprecated — use named definitions and runner binding
───╯
