---
source: iter_language/tests/conformance.rs
description: clone-bad-apply-back.iter
---
Error: unknown apply_back mode `teleport`
   ╭─[clone-bad-apply-back.iter:6:12]
   │
 6 │     mode = teleport
   │            ────┬───  
   │                ╰───── unknown apply_back mode `teleport`
   │ 
   │ Help: valid modes: sync, discard, merge
───╯

Warning: flat Iterfile syntax is deprecated — use named definitions and runner binding
   ╭─[clone-bad-apply-back.iter:1:1]
   │
 1 │ workspace clone {
   │ │ 
   │ ╰─ flat Iterfile syntax is deprecated — use named definitions and runner binding
───╯
