---
source: iter_language/tests/conformance.rs
description: missing-required-field.iter
---
Error: queue redis requires `url`
   ╭─[missing-required-field.iter:1:7]
   │
 1 │ queue redis { }
   │       ──┬──  
   │         ╰──── queue redis requires `url`
   │ 
   │ Help: add `url = "..."`
───╯

Error: queue redis requires `key`
   ╭─[missing-required-field.iter:1:7]
   │
 1 │ queue redis { }
   │       ──┬──  
   │         ╰──── queue redis requires `key`
   │ 
   │ Help: add `key = "..."`
───╯

Warning: flat Iterfile syntax is deprecated — use named definitions and runner binding
   ╭─[missing-required-field.iter:1:1]
   │
 1 │ queue redis { }
   │ │ 
   │ ╰─ flat Iterfile syntax is deprecated — use named definitions and runner binding
───╯
