---
source: iter_language/tests/conformance.rs
description: prompt-iteration-string-on-numeric.iter
---
Error: equality operands have incompatible types
    ╭─[prompt-iteration-string-on-numeric.iter:21:21]
    │
 21 │     iteration.count == "ten" => "should fail"
    │                     ─┬  
    │                      ╰── equality operands have incompatible types
────╯
