---
source: iter_language/tests/conformance.rs
description: runner-iteration-timeout-negative.iter
---
Error: unexpected character `-`
    ╭─[runner-iteration-timeout-negative.iter:20:28]
    │
 20 │   iteration_timeout_secs = -30
    │                            ┬  
    │                            ╰── unexpected character `-`
────╯
