---
source: iter_language/tests/conformance.rs
description: toplevel-prompt.iter
---
Error: top-level `prompt "..."` is no longer supported; define a named prompt with `prompt as <name> "..."` and reference it, or write the prompt inside the runner block (`prompt = "..."` or a `prompt { <guard> => ..., _ => ... }` match)
    ╭─[toplevel-prompt.iter:24:1]
    │
 24 │ prompt "stray top-level prompt"
    │ ───────────────┬───────────────  
    │                ╰───────────────── top-level `prompt "..."` is no longer supported; define a named prompt with `prompt as <name> "..."` and reference it, or write the prompt inside the runner block (`prompt = "..."` or a `prompt { <guard> => ..., _ => ... }` match)
────╯
