---
source: iter_language/tests/conformance.rs
description: trigger-watch-cooldown-alias.iter
---
Compose {
    telemetry: None,
    queues: [
        Spanned {
            node: NamedQueue {
                name: "main",
                decl: File {
                    path: "./.iter/queue",
                },
            },
            span: 0..42,
        },
    ],
    services: [],
    triggers: [
        Spanned {
            node: NamedTrigger {
                name: "dep",
                decl: Watch {
                    dir: "./src",
                    include: [],
                    exclude: [],
                    kinds: [],
                    per_file: false,
                    interval_secs: Some(
                        5,
                    ),
                    base_metadata: [],
                    priority: None,
                    max_signals: None,
                },
                target: Named(
                    "main",
                ),
                terminate_on_completion: false,
            },
            span: 44..119,
        },
    ],
    composes: [],
}
