---
source: iter_language/tests/conformance.rs
assertion_line: 131
description: trigger-watch-kinds.iter
---
ComposeRoot {
    telemetry: None,
    queues: [
        Spanned {
            node: NamedQueue {
                name: "main",
                decl: File {
                    path: "./.iter/queue",
                },
            },
            span: 0..42,
        },
    ],
    services: [],
    triggers: [
        Spanned {
            node: NamedTrigger {
                name: "sessions",
                decl: Watch {
                    dir: "/Users/me/.claude/projects",
                    include: [
                        "**/*.jsonl",
                    ],
                    exclude: [],
                    kinds: [
                        Created,
                        Modified,
                    ],
                    per_file: true,
                    interval_secs: None,
                    base_metadata: [],
                    priority: None,
                    max_signals: None,
                },
                target: Named(
                    "main",
                ),
                terminate_on_completion: false,
            },
            span: 44..212,
        },
    ],
    composes: [],
}
